// Jest Snapshot v1, https://goo.gl/fbAQLP

exports[`matches snapshot with desktop logo 1`] = `
<DocumentFragment>
  <div
    class="logo"
  >
    <img
      alt="logo"
      src="test-file-stub"
    />
  </div>
</DocumentFragment>
`;

exports[`matches snapshot with mobile logo 1`] = `
<DocumentFragment>
  <div
    class="logo"
  >
    <img
      alt="logo"
      src="test-file-stub"
    />
  </div>
</DocumentFragment>
`;
